
rkliner@DESKTOP-S89JKHK MINGW64 ~
$ pwd
/c/Users/чкнбргр

rkliner@DESKTOP-S89JKHK MINGW64 ~
$ ls
'3D Objects'/
 AppData/
'Application Data'@
 Contacts/
 Cookies@
 Desktop/
'Doctor Web'/
 Documents/
 Downloads/
 Favorites/
 Links/
'Local Settings'@
 Music/
 NTUSER.DAT
 NTUSER.DAT{53b39e88-18c4-11ea-a811-000d3aa4692b}.TM.blf
 NTUSER.DAT{53b39e88-18c4-11ea-a811-000d3aa4692b}.TMContainer000000000001.regtrans-ms
 NTUSER.DAT{53b39e88-18c4-11ea-a811-000d3aa4692b}.TMContainer000000000002.regtrans-ms
 NetHood@
 OneDrive/
 Pictures/
 PrintHood@
 PycharmProjects/
 Recent@
'Saved Games'/
 Searches/
 SendTo@
 Tracing/
 Videos/
 YandexDisk/
 avtoservis_users.db
 ex-list
 ex-list2.json
 ntuser.dat.LOG1
 ntuser.dat.LOG2
 ntuser.ini
 qBittorrentPro.dat
'Мои документы'@
 Шаблоны@
'главное меню'@

rkliner@DESKTOP-S89JKHK MINGW64 ~
$ cd c:/git

rkliner@DESKTOP-S89JKHK MINGW64 /c/git
$ pwd
/c/git

rkliner@DESKTOP-S89JKHK MINGW64 /c/git
$ git config --global user.name "Анастасия Малова"

rkliner@DESKTOP-S89JKHK MINGW64 /c/git
$ git config --global user.name "rkliner73@gmail.com"

rkliner@DESKTOP-S89JKHK MINGW64 /c/git
$ pwd
/c/git

rkliner@DESKTOP-S89JKHK MINGW64 /c/git
$ ls

rkliner@DESKTOP-S89JKHK MINGW64 /c/git
$ git init
Initialized empty Git repository in C:/git/.git/

rkliner@DESKTOP-S89JKHK MINGW64 /c/git (master)
$ ls

rkliner@DESKTOP-S89JKHK MINGW64 /c/git (master)
$ ls -a
./  ../  .git/

rkliner@DESKTOP-S89JKHK MINGW64 /c/git (master)
$ cd c:/git_files/GitRepo

rkliner@DESKTOP-S89JKHK MINGW64 /c/git_files/GitRepo
$ cd git

rkliner@DESKTOP-S89JKHK MINGW64 /c/git_files/GitRepo/git (master)
$ ls

rkliner@DESKTOP-S89JKHK MINGW64 /c/git_files/GitRepo/git (master)
$ ls -a
./  ../  .git/

rkliner@DESKTOP-S89JKHK MINGW64 /c/git_files/GitRepo/git (master)
$ git status
On branch master

No commits yet

nothing to commit (create/copy files and use "git add" to track)

rkliner@DESKTOP-S89JKHK MINGW64 /c/git_files/GitRepo/git (master)
$ git status
On branch master

No commits yet

Untracked files:
  (use "git add <file>..." to include in what will be committed)
        README.txt

nothing added to commit but untracked files present (use "git add" to tr

rkliner@DESKTOP-S89JKHK MINGW64 /c/git_files/GitRepo/git (master)
$ git add README.txt

rkliner@DESKTOP-S89JKHK MINGW64 /c/git_files/GitRepo/git (master)
$ git status
On branch master

No commits yet

Changes to be committed:
  (use "git rm --cached <file>..." to unstage)
        new file:   README.txt


rkliner@DESKTOP-S89JKHK MINGW64 /c/git_files/GitRepo/git (master)
$ git commit -m "Добавлен файл README"
Author identity unknown

*** Please tell me who you are.

Run

  git config --global user.email "you@example.com"
  git config --global user.name "Your Name"

to set your account's default identity.
Omit --global to set the identity only in this repository.

fatal: unable to auto-detect email address (got 'rkliner@DESKTOP-S89JKHK
)

rkliner@DESKTOP-S89JKHK MINGW64 /c/git_files/GitRepo/git (master)
$ git config --global user.email "rkliner73@gmail.com"

rkliner@DESKTOP-S89JKHK MINGW64 /c/git_files/GitRepo/git (master)
$ git commit -m "Добавлен файл README"
[master (root-commit) ddfda83] Добавлен файл README
 1 file changed, 0 insertions(+), 0 deletions(-)
 create mode 100644 README.txt

rkliner@DESKTOP-S89JKHK MINGW64 /c/git_files/GitRepo/git (master)
$ git status
On branch master
nothing to commit, working tree clean

rkliner@DESKTOP-S89JKHK MINGW64 /c/git_files/GitRepo/git (master)
$ git status
On branch master
Changes not staged for commit:
  (use "git add <file>..." to update what will be committed)
  (use "git restore <file>..." to discard changes in working directory)
        modified:   README.txt

no changes added to commit (use "git add" and/or "git commit -a")

rkliner@DESKTOP-S89JKHK MINGW64 /c/git_files/GitRepo/git (master)
$ git add README.txt

rkliner@DESKTOP-S89JKHK MINGW64 /c/git_files/GitRepo/git (master)
$ git status
On branch master
Changes to be committed:
  (use "git restore --staged <file>..." to unstage)
        modified:   README.txt


rkliner@DESKTOP-S89JKHK MINGW64 /c/git_files/GitRepo/git (master)
$ git commit -m "Изменён файл README"
[master 416c537] Изменён файл README
 1 file changed, 1 insertion(+)

rkliner@DESKTOP-S89JKHK MINGW64 /c/git_files/GitRepo/git (master)
$ git log
commit 416c537b394d528a8a97d6d5d79eb01e9e448951 (HEAD -> master)
Author: rkliner73@gmail.com <rkliner73@gmail.com>
Date:   Mon Mar 17 18:53:37 2025 +0500

    Изменён файл README

commit ddfda834151e48aa5e0d8341d585e888d3401ace
Author: rkliner73@gmail.com <rkliner73@gmail.com>
Date:   Mon Mar 17 18:52:40 2025 +0500

    Добавлен файл README

rkliner@DESKTOP-S89JKHK MINGW64 /c/git_files/GitRepo/git (master)
$ git status
On branch master
Changes not staged for commit:
  (use "git add <file>..." to update what will be committed)
  (use "git restore <file>..." to discard changes in working directory)
        modified:   README.txt

Untracked files:
  (use "git add <file>..." to include in what will be committed)
        test.txt

no changes added to commit (use "git add" and/or "git commit -a")

rkliner@DESKTOP-S89JKHK MINGW64 /c/git_files/GitRepo/git (master)
$ git add README.txt

rkliner@DESKTOP-S89JKHK MINGW64 /c/git_files/GitRepo/git (master)
$ git add test.txt

rkliner@DESKTOP-S89JKHK MINGW64 /c/git_files/GitRepo/git (master)
$ git status
On branch master
Changes to be committed:
  (use "git restore --staged <file>..." to unstage)
        modified:   README.txt
        new file:   test.txt


rkliner@DESKTOP-S89JKHK MINGW64 /c/git_files/GitRepo/git (master)
$ git commit -m "Тестовый коммит с 2 изменениями"
[master fe9f257] Тестовый коммит с 2 изменениями
 2 files changed, 2 insertions(+), 1 deletion(-)
 create mode 100644 test.txt

rkliner@DESKTOP-S89JKHK MINGW64 /c/git_files/GitRepo/git (master)
$ git log
commit fe9f257bfcb4a472bb98198be3f111ef26a76216 (HEAD -> master)
Author: rkliner73@gmail.com <rkliner73@gmail.com>
Date:   Mon Mar 17 18:55:31 2025 +0500

    Тестовый коммит с 2 изменениями

commit 416c537b394d528a8a97d6d5d79eb01e9e448951
Author: rkliner73@gmail.com <rkliner73@gmail.com>
Date:   Mon Mar 17 18:53:37 2025 +0500

    Изменён файл README

commit ddfda834151e48aa5e0d8341d585e888d3401ace
Author: rkliner73@gmail.com <rkliner73@gmail.com>
Date:   Mon Mar 17 18:52:40 2025 +0500

    Добавлен файл README

rkliner@DESKTOP-S89JKHK MINGW64 /c/git_files/GitRepo/git (master)
$ git clone https://github.com/rkliner/GitTest.git test
Cloning into 'test'...
remote: Enumerating objects: 3, done.
remote: Counting objects: 100% (3/3), done.
remote: Total 3 (delta 0), reused 0 (delta 0), pack-reused 0 (from 0)
Receiving objects: 100% (3/3), done.

rkliner@DESKTOP-S89JKHK MINGW64 /c/git_files/GitRepo/git (master)
$ git add hello.txt
fatal: pathspec 'hello.txt' did not match any files

rkliner@DESKTOP-S89JKHK MINGW64 /c/git_files/GitRepo/git (master)
$ cd test

rkliner@DESKTOP-S89JKHK MINGW64 /c/git_files/GitRepo/git/test (main)
$ git add hello.txt

rkliner@DESKTOP-S89JKHK MINGW64 /c/git_files/GitRepo/git/test (main)
$ git commit -m "Hello"
[main 70d13ea] Hello
 1 file changed, 1 insertion(+)
 create mode 100644 hello.txt

rkliner@DESKTOP-S89JKHK MINGW64 /c/git_files/GitRepo/git/test (main)
$ git push
info: please complete authentication in your browser...
Enumerating objects: 4, done.
Counting objects: 100% (4/4), done.
Delta compression using up to 8 threads
Compressing objects: 100% (2/2), done.
Writing objects: 100% (3/3), 271 bytes | 271.00 KiB/s, done.
Total 3 (delta 0), reused 0 (delta 0), pack-reused 0 (from 0)
To https://github.com/rkliner/GitTest.git
   bcae3b4..70d13ea  main -> main

rkliner@DESKTOP-S89JKHK MINGW64 /c/git_files/GitRepo/git/test (main)
$ cd C:/

rkliner@DESKTOP-S89JKHK MINGW64 /c
$ cd git_files/second

rkliner@DESKTOP-S89JKHK MINGW64 /c/git_files/second
$ ls

rkliner@DESKTOP-S89JKHK MINGW64 /c/git_files/second
$ git init
Initialized empty Git repository in C:/git_files/second/.git/

rkliner@DESKTOP-S89JKHK MINGW64 /c/git_files/second (master)
$ ls -a
./  ../  .git/

rkliner@DESKTOP-S89JKHK MINGW64 /c/git_files/second (master)
$ git clone https://github.com/rkliner/second.git second
Cloning into 'second'...
remote: Enumerating objects: 3, done.
remote: Counting objects: 100% (3/3), done.
remote: Total 3 (delta 0), reused 0 (delta 0), pack-reused 0 (from 0)
Receiving objects: 100% (3/3), done.

rkliner@DESKTOP-S89JKHK MINGW64 /c/git_files/second (master)
$ cd second

rkliner@DESKTOP-S89JKHK MINGW64 /c/git_files/second/second (main)
$ git status
On branch main
Your branch is up to date with 'origin/main'.

Untracked files:
  (use "git add <file>..." to include in what will be committed)
        message.txt

nothing added to commit but untracked files present (use "git add" to tr
ack)

rkliner@DESKTOP-S89JKHK MINGW64 /c/git_files/second/second (main)
$ git add message.txt

rkliner@DESKTOP-S89JKHK MINGW64 /c/git_files/second/second (main)
$ git commin -m "Добавление message.txt"
git: 'commin' is not a git command. See 'git --help'.

The most similar command is
        commit

rkliner@DESKTOP-S89JKHK MINGW64 /c/git_files/second/second (main)
$ git commit -m "Добавление message.txt"
[main f53eabf] Добавление message.txt
 1 file changed, 1 insertion(+)
 create mode 100644 message.txt

rkliner@DESKTOP-S89JKHK MINGW64 /c/git_files/second/second (main)
$ git push
Enumerating objects: 4, done.
Counting objects: 100% (4/4), done.
Delta compression using up to 8 threads
Compressing objects: 100% (2/2), done.
Writing objects: 100% (3/3), 335 bytes | 335.00 KiB/s, done.
Total 3 (delta 0), reused 0 (delta 0), pack-reused 0 (from 0)
To https://github.com/rkliner/second.git
   5511285..f53eabf  main -> main
